desktop-nm011m5\master
desktop-nm011m5\master
desktop-nm011m5\master
desktop-nm011m5\master

Tuesday, June 11, 2024 12:15:10 AM

desktop-nm011m5\master
desktop-nm011m5\master

Tuesday, June 11, 2024 12:15:24 AM

d e s k t o p - n m 0 1 1 m 5 \ m a s t e r  
  
 T u e s d a y ,   J u n e   1 1 ,   2 0 2 4   6 : 1 8 : 0 2   A M  
  
  
 d e s k t o p - n m 0 1 1 m 5 \ m a s t e r  
  
 T u e s d a y ,   J u n e   1 1 ,   2 0 2 4   6 : 2 0 : 2 3   A M  
  
  
 d e s k t o p - n m 0 1 1 m 5 \ m a s t e r  
  
 T u e s d a y ,   J u n e   1 1 ,   2 0 2 4   6 : 2 0 : 2 3   A M  
  
  
  
 T u e s d a y ,   J u n e   1 1 ,   2 0 2 4   6 : 2 0 : 2 3   A M  
  
  
 d e s k t o p - n m 0 1 1 m 5 \ m a s t e r  
  
 T u e s d a y ,   J u n e   1 1 ,   2 0 2 4   6 : 2 0 : 2 3   A M  
  
  
 d e s k t o p - n m 0 1 1 m 5 \ m a s t e r  
  
 T u e s d a y ,   J u n e   1 1 ,   2 0 2 4   6 : 3 0 : 2 3   A M  
  
  
 d e s k t o p - n m 0 1 1 m 5 \ m a s t e r  
  
 T u e s d a y ,   J u n e   1 1 ,   2 0 2 4   6 : 3 0 : 2 3   A M  
  
  
 